// Jest Snapshot v1, https://goo.gl/fbAQLP

exports[`Should render App component correctly 1`] = `
Array [
  <h1
    className="visually-hidden"
  >
    Форма регистрации
  </h1>,
  <form
    className="login-form"
    onSubmit={[Function]}
  >
    <fieldset
      className="login-form__fieldset"
    >
      <legend
        className="login-form__title"
      >
        Регистрация
      </legend>
      <p
        className="login-form__text"
      >
        <span>
          Уже есть аккаунт?
        </span>
        <a
          className="login-form__link"
          href="#"
        >
          Войти
        </a>
      </p>
      <ul
        className="login-form__list"
      >
        <li
          className="login-form__item"
        >
          <label
            className="login-form__label"
            htmlFor="user-name"
          >
            Имя
          </label>
          <input
            className="login-form__input"
            id="user-name"
            name="name"
            onChange={[Function]}
            placeholder="Введите Ваше имя"
            required={true}
            tabIndex="1"
            type="text"
          />
        </li>
        <li
          className="login-form__item"
        >
          <label
            className="login-form__label"
            htmlFor="user-email"
          >
            Email
          </label>
          <input
            className="login-form__input"
            id="user-email"
            name="email"
            onChange={[Function]}
            placeholder="Введите ваш email"
            required={true}
            tabIndex="2"
            type="email"
          />
        </li>
        <li
          className="login-form__item"
        >
          <label
            className="login-form__label"
            htmlFor="user-phone"
          >
            Номер телефона
          </label>
          <input
            className="login-form__input"
            id="user-phone"
            name="phone"
            onChange={[Function]}
            placeholder="Введите номер телефона"
            required={true}
            tabIndex="3"
            type="tel"
          />
        </li>
        <li
          className="login-form__item"
        >
          <span
            className="login-form__label"
          >
            Язык
          </span>
          <div
            className="login-form__select select"
            id="lang"
            onClick={[Function]}
            tabIndex="4"
          >
            <p
              className="select__current-option"
            >
              Язык
            </p>
            <svg
              className="login-form__dropdown-icon"
              height="9"
              width="16"
            >
              <use
                xlinkHref="#dropdown"
              />
            </svg>
          </div>
          <div
            className="select__options select__options--hide"
          >
            <p
              className="select__option"
              onClick={[Function]}
            >
              Русский
            </p>
            <p
              className="select__option"
              onClick={[Function]}
            >
              English
            </p>
            <p
              className="select__option"
              onClick={[Function]}
            >
              中文
            </p>
            <p
              className="select__option"
              onClick={[Function]}
            >
              Español
            </p>
          </div>
        </li>
        <li
          className="login-form__item"
        >
          <input
            className="login-form__checkbox"
            id="agreement"
            onClick={[Function]}
            type="checkbox"
          />
          <label
            className="login-form__checkbox-label"
            htmlFor="agreement"
          >
            Принимаю 
            <a
              className="login-form__link"
              href="#"
            >
              условия
            </a>
             использования
          </label>
          <svg
            className="login-form__check-icon"
            height="16"
            width="22"
          >
            <use
              xlinkHref="#check"
            />
          </svg>
        </li>
      </ul>
      <button
        className="login-form__button"
        disabled={true}
      >
        Зарегистрироваться
      </button>
    </fieldset>
  </form>,
]
`;
